// Jest Snapshot v1, https://goo.gl/fbAQLP

exports[`Button renders a snapshot of <Button /> when passed into a component 1`] = `
<button
  className="btn"
>
  Log in
</button>
`;
